<Level>
    <EditorSession>
        <Performance CamClipPlanes="0.05 1000" LightsActive="true" PSActive="true" ShowFog="true" ShowSkybox="true" WorldReflection="true" />
        <ViewportConfig BGColor="0.2 0.2 0.2 1" GAmbientLight="true" GPointLight="true" GridSnap="true" GridSnapSeparation="0.25" SelectedViewport="3" UsingEnlargedViewport="true">
            <Viewport CameraPosition="0 0 180" CameraTarget="0 0 0" CameraZoom="0" GridHeight="0" GridPlane="2" Preset="0" RenderMode="1" ShowAxes="true" ShowGrid="true" UsingLTCam="true" />
            <Viewport CameraPosition="180 0 0" CameraTarget="0 0 0" CameraZoom="0" GridHeight="0" GridPlane="0" Preset="1" RenderMode="1" ShowAxes="true" ShowGrid="false" UsingLTCam="true" />
            <Viewport CameraPosition="0 180 0" CameraTarget="0 0 0" CameraZoom="0" GridHeight="0" GridPlane="1" Preset="2" RenderMode="1" ShowAxes="true" ShowGrid="true" UsingLTCam="true" />
            <Viewport CameraPosition="-30.5652 5.3888 -34.2371" CameraTarget="-15.6835 -5.24446 -25.365" CameraZoom="0.900001" GridHeight="0" GridPlane="1" Preset="3" RenderMode="0" ShowAxes="true" ShowGrid="true" UsingLTCam="false" />
        </ViewportConfig>
        <Groups>
            <Group ID="0" Name="None" Visible="true" />
        </Groups>
    </EditorSession>
    <MapData FogActive="false" FogColor="0.172 0.19 0.224 1" FogCulling="false" FogEnd="20" FogFalloffExp="0.7" FogStart="0" GlobalDecalMaxTris="300" Name="" SkyBoxActive="true" SkyBoxColor="0 0 0 1" SkyBoxTexture="../../../../../../">
        <MapContents>
            <FileIndex_StaticObjects NumOfFiles="0" />
            <FileIndex_Entities NumOfFiles="0" />
            <FileIndex_Decals NumOfFiles="0" />
            <StaticObjects />
            <Primitives>
                <Plane Active="true" AlignToWorldCoords="false" CastShadows="false" Collides="true" Corner1UV="5.1 -1.84619e-005" Corner2UV="0 0" Corner3UV="-2.60639e-005 -7.2" Corner4UV="5.09997 -7.20002" EndCorner="12 0 8.5" Group="0" ID="280" Material="C:/Program Files (x86)/Steam/steamapps/common/Amnesia The Dark Descent/static_objects/mansionbase/floor/mansionbase_floor_boards.mat" Name="Plane" Rotation="-3.14159 0 0" Scale="1 1 1" StartCorner="0 0 0" Tag="" TextureAngle="1.5708" TileAmount="0.6 1 0.6" TileOffset="0 0 0" WorldPos="-26 0 -22.25" />
            </Primitives>
            <Decals />
            <Entities>
                <Area Active="true" AreaType="PlayerStart" Group="0" ID="210" Mesh="" Name="PlayerStartArea_1" Rotation="3.14159 -4.44253e-006 3.14159" Scale="1 1 1" Tag="" WorldPos="-20.75 0 -24.75">
                    <UserVariables />
                </Area>
                <Billboard Active="true" BillboardColor="0.741 0.655 0.276 1" BillboardOffset="0" BillboardSize="5 5" BillboardType="Point" ConnectLight="" Group="0" HaloSourceSize="0.3 0.3 0.3" ID="305" IsHalo="false" MaterialFile="C:/Program Files (x86)/Steam/steamapps/common/Amnesia The Dark Descent/billboards/bb_white_halo.mat" Name="Billboard_1" Rotation="0 0 0" Tag="" WorldPos="-19.75 26.25 0.5" />
            </Entities>
            <Misc />
            <StaticObjectCombos />
        </MapContents>
    </MapData>
</Level>
